// Jest Snapshot v1, https://goo.gl/fbAQLP

exports[`DialogInfo was correctly 1`] = `" "`;
